// Jest Snapshot v1, https://goo.gl/fbAQLP

exports[`Error render renders correctly 1`] = `
<p
  className="error"
>
  error
</p>
`;
